// Jest Snapshot v1, https://goo.gl/fbAQLP

exports[`Pruebas en <FirstApp /> Debe hacer match con el snapshot 1`] = `
<div>
  <h1
    data-testid="test-title"
  >
    Hola, Jespejo
  </h1>
  <p>
    no hay subtítulo
  </p>
  <p>
    no hay subtítulo
  </p>
  <p>
    Jespejo
  </p>
</div>
`;
